// Jest Snapshot v1, https://goo.gl/fbAQLP

exports[`Home page should matches snapshot 1`] = `
<DocumentFragment>
  <div
    class="container"
  >
    <main
      class="l1epjkbw"
    >
      <h1
        class="l18osnbr shfdegq"
      >
        Next-linaria-boilerplate
      </h1>
      <p
        class="l1qjyihy s1jpyom"
      >
        This is an extension of Â 
        <a
          href="https://github.com/vercel/next.js/tree/canary/examples/with-linaria"
          rel="noffolow"
        >
          "the next with linaria example."
        </a>
      </p>
      <button
        class="lbro7hf sofasun s3ww1ls"
      >
        test button
      </button>
      <div
        class="l1e9xby8 lyoxftv"
      >
        <div
          class="l1uaf86i"
        >
          <div
            class="s7qlbor s1y5i7kz"
          />
          <div
            class="p1x6vsh pszu3aq"
          />
          <div
            class="y18buyzd y1x93k46"
          />
          <div
            class="p1re9g4v pn4r4n7"
          />
          <div
            class="gha9cgk g1gkoc7f"
          />
        </div>
        <div
          class="l1uaf86i"
        >
          <div
            class="dix8bm0"
          />
          <div
            class="dix8bm0"
          />
          <div
            class="dix8bm0"
          />
          <div
            class="dix8bm0"
          />
          <div
            class="dix8bm0"
          />
          <div
            class="dix8bm0"
          />
          <div
            class="dix8bm0"
          />
          <div
            class="dix8bm0"
          />
          <div
            class="dix8bm0"
          />
          <div
            class="dix8bm0"
          />
          <div
            class="dix8bm0"
          />
          <div
            class="dix8bm0"
          />
          <div
            class="dix8bm0"
          />
          <div
            class="dix8bm0"
          />
          <div
            class="dix8bm0"
          />
          <div
            class="dix8bm0"
          />
          <div
            class="dix8bm0"
          />
          <div
            class="dix8bm0"
          />
          <div
            class="dix8bm0"
          />
          <div
            class="dix8bm0"
          />
          <div
            class="dix8bm0"
          />
          <div
            class="dix8bm0"
          />
          <div
            class="dix8bm0"
          />
          <div
            class="dix8bm0"
          />
          <div
            class="dix8bm0"
          />
          <div
            class="dix8bm0"
          />
          <div
            class="dix8bm0"
          />
          <div
            class="dix8bm0"
          />
          <div
            class="dix8bm0"
          />
          <div
            class="dix8bm0"
          />
          <div
            class="dix8bm0"
          />
          <div
            class="dix8bm0"
          />
          <div
            class="dix8bm0"
          />
          <div
            class="dix8bm0"
          />
          <div
            class="dix8bm0"
          />
          <div
            class="dix8bm0"
          />
          <div
            class="dix8bm0"
          />
          <div
            class="dix8bm0"
          />
          <div
            class="dix8bm0"
          />
          <div
            class="dix8bm0"
          />
          <div
            class="dix8bm0"
          />
          <div
            class="dix8bm0"
          />
          <div
            class="dix8bm0"
          />
          <div
            class="dix8bm0"
          />
          <div
            class="dix8bm0"
          />
          <div
            class="dix8bm0"
          />
          <div
            class="dix8bm0"
          />
          <div
            class="dix8bm0"
          />
          <div
            class="dix8bm0"
          />
        </div>
      </div>
    </main>
  </div>
</DocumentFragment>
`;
